2026-09-27 19:34:52,857 - INFO - === Starting ETL Pipeline Execution ===
2026-09-27 19:34:52,858 - INFO - Starting API data extraction...
2026-09-27 19:34:53,443 - INFO - Data successfully fetched from API!
2026-09-27 19:34:53,444 - INFO - Cleaning and transforming data with Pandas...
2026-09-27 19:34:53,444 - INFO - Removed duplicates: 0 rows dropped.
2026-09-27 19:34:53,451 - INFO - Data transformation completed successfully.
2026-09-27 19:34:53,452 - INFO - Starting database loading operation...
2026-09-27 19:34:53,452 - ERROR - Database insertion error: unable to open database file
2026-09-27 19:34:53,453 - ERROR - === ETL Pipeline Execution Failed At Loading Stage ===
2026-09-27 19:38:29,893 - INFO - === Starting ETL Pipeline Execution ===
2026-09-27 19:38:29,893 - INFO - Starting API data extraction...
2026-09-27 19:38:31,431 - INFO - Data successfully fetched from API!
2026-09-27 19:38:31,431 - INFO - Cleaning and transforming data with Pandas...
2026-09-27 19:38:31,443 - INFO - Removed duplicates: 0 rows dropped.
2026-09-27 19:38:31,447 - INFO - Data transformation completed successfully.
2026-09-27 19:38:31,448 - INFO - Starting database loading operation...
2026-09-27 19:38:31,520 - INFO - Successfully loaded 100 records into SQLite database 'PYTHON/PROJECT/pipeline_data.db'.
2026-09-27 19:38:31,559 - INFO - === ETL Pipeline Execution Completed Successfully ===
2026-09-27 19:38:48,588 - INFO - === Starting ETL Pipeline Execution ===
2026-09-27 19:38:48,588 - INFO - Starting API data extraction...
2026-09-27 19:38:49,050 - INFO - Data successfully fetched from API!
2026-09-27 19:38:49,050 - INFO - Cleaning and transforming data with Pandas...
2026-09-27 19:38:49,070 - INFO - Removed duplicates: 0 rows dropped.
2026-09-27 19:38:49,076 - INFO - Data transformation completed successfully.
2026-09-27 19:38:49,076 - INFO - Starting database loading operation...
2026-09-27 19:38:49,085 - INFO - Successfully loaded 0 records into SQLite database 'PYTHON/PROJECT/pipeline_data.db'.
2026-09-27 19:38:49,085 - INFO - === ETL Pipeline Execution Completed Successfully ===
2026-09-27 19:52:42,479 - INFO - === Starting ETL Pipeline Execution ===
2026-09-27 19:52:42,485 - INFO - Starting API data extraction...
2026-09-27 19:52:43,021 - INFO - Data successfully fetched from API!
2026-09-27 19:52:43,034 - INFO - Cleaning and transforming data with Pandas...
2026-09-27 19:52:43,034 - INFO - Removed duplicates: 0 rows dropped.
2026-09-27 19:52:43,034 - INFO - Data transformation completed successfully.
2026-09-27 19:52:43,034 - INFO - Starting database loading operation...
2026-09-27 19:52:43,053 - INFO - Successfully loaded 0 records into SQLite database 'PROJECT/pipeline_data.db'.
2026-09-27 19:52:43,053 - INFO - === ETL Pipeline Execution Completed Successfully ===
2026-09-27 20:00:25,661 - INFO - === Starting ETL Pipeline Execution ===
2026-09-27 20:00:25,661 - INFO - Starting API data extraction...
2026-09-27 20:00:26,128 - INFO - Data successfully fetched from API!
2026-09-27 20:00:26,128 - INFO - Cleaning and transforming data with Pandas...
2026-09-27 20:00:26,144 - INFO - Removed duplicates: 0 rows dropped.
2026-09-27 20:00:26,148 - INFO - Data transformation completed successfully.
2026-09-27 20:00:26,150 - INFO - Starting database loading operation...
2026-09-27 20:00:26,153 - INFO - Successfully loaded 0 records into SQLite database 'pipeline_data.db'.
2026-09-27 20:00:26,153 - INFO - === ETL Pipeline Execution Completed Successfully ===
